2026-08-10 21:02:30,123 | WARNING | app.core.jwt_token | Token has expired!
2026-08-10 21:06:14,562 | WARNING | root | Seller found the product but product not found! | Product_id: 71
2026-08-11 18:43:35,145 | INFO | httpx | HTTP Request: POST http://testserver/products "HTTP/1.1 201 Created"
2026-08-11 18:43:35,155 | INFO | httpx | HTTP Request: POST http://testserver/products "HTTP/1.1 401 Unauthorized"
2026-08-11 18:43:35,346 | INFO | app.core.log_config | new user account created with this email | hamdan87@gmail.com
2026-08-11 18:43:35,350 | INFO | httpx | HTTP Request: POST http://testserver/users "HTTP/1.1 201 Created"
2026-08-11 18:43:35,359 | WARNING | app.core.log_config | User account already exists at this email | hamdan87@gmail.com
2026-08-11 18:43:35,360 | INFO | httpx | HTTP Request: POST http://testserver/users "HTTP/1.1 409 Conflict"
2026-08-11 18:43:35,370 | INFO | httpx | HTTP Request: POST http://testserver/users "HTTP/1.1 422 Unprocessable Entity"
2026-08-11 18:43:35,379 | INFO | httpx | HTTP Request: POST http://testserver/users "HTTP/1.1 422 Unprocessable Entity"
2026-08-11 18:43:35,389 | INFO | httpx | HTTP Request: POST http://testserver/users "HTTP/1.1 422 Unprocessable Entity"
2026-08-11 18:43:35,394 | INFO | httpx | HTTP Request: POST http://testserver/users "HTTP/1.1 422 Unprocessable Entity"
2026-08-11 18:43:35,409 | INFO | httpx | HTTP Request: POST http://testserver/users "HTTP/1.1 422 Unprocessable Entity"
2026-08-11 18:43:35,416 | INFO | httpx | HTTP Request: POST http://testserver/users "HTTP/1.1 422 Unprocessable Entity"
2026-08-11 18:43:35,430 | WARNING | app.core.log_config | User login failed with wrong email | hamdagaf@gmail.com
2026-08-11 18:43:35,433 | INFO | httpx | HTTP Request: POST http://testserver/user-login "HTTP/1.1 404 Not Found"
2026-08-11 18:43:35,460 | WARNING | root | Unauthorized seller tried for the login, but system rejected the token.
2026-08-11 18:43:35,467 | WARNING | root | Unauthorized seller tried to update the product, but system rejected the token. | seller_id: 3 | seller_email: hamdan@gmail.com.
2026-08-11 18:43:35,471 | WARNING | app.core.log_config | User login failed with wrong email | fatima@gmail.com
2026-08-11 18:43:35,634 | WARNING | app.core.log_config | User login failed with wrong password | Hekdahj212
2026-08-11 18:43:35,886 | INFO | app.core.log_config | User successfully login | user_id: 5.
2026-08-11 18:43:35,904 | WARNING | app.core.log_config | User account already exists at this email | ahmad123@gmail.com
2026-08-11 18:43:35,988 | INFO | app.core.log_config | new user account created with this email | ahmad12333@gmail.com
2026-08-11 18:43:36,054 | ERROR | app.core.log_config | Password not found!
2026-08-11 19:01:06,410 | INFO | httpx | HTTP Request: POST http://testserver/products "HTTP/1.1 201 Created"
2026-08-11 19:01:06,421 | INFO | httpx | HTTP Request: POST http://testserver/products "HTTP/1.1 401 Unauthorized"
2026-08-11 19:01:06,536 | INFO | app.core.log_config | new user account created with this email | hamdan87@gmail.com
2026-08-11 19:01:06,552 | INFO | httpx | HTTP Request: POST http://testserver/users "HTTP/1.1 201 Created"
2026-08-11 19:01:06,563 | WARNING | app.core.log_config | User account already exists at this email | hamdan87@gmail.com
2026-08-11 19:01:06,563 | INFO | httpx | HTTP Request: POST http://testserver/users "HTTP/1.1 409 Conflict"
2026-08-11 19:01:06,577 | INFO | httpx | HTTP Request: POST http://testserver/users "HTTP/1.1 422 Unprocessable Entity"
2026-08-11 19:01:06,586 | INFO | httpx | HTTP Request: POST http://testserver/users "HTTP/1.1 422 Unprocessable Entity"
2026-08-11 19:01:06,597 | INFO | httpx | HTTP Request: POST http://testserver/users "HTTP/1.1 422 Unprocessable Entity"
2026-08-11 19:01:06,606 | INFO | httpx | HTTP Request: POST http://testserver/users "HTTP/1.1 422 Unprocessable Entity"
2026-08-11 19:01:06,617 | INFO | httpx | HTTP Request: POST http://testserver/users "HTTP/1.1 422 Unprocessable Entity"
2026-08-11 19:01:06,627 | INFO | httpx | HTTP Request: POST http://testserver/users "HTTP/1.1 422 Unprocessable Entity"
2026-08-11 19:01:06,639 | WARNING | app.core.log_config | User login failed with wrong email | hamdagaf@gmail.com
2026-08-11 19:01:06,640 | INFO | httpx | HTTP Request: POST http://testserver/user-login "HTTP/1.1 404 Not Found"
2026-08-11 19:01:06,675 | WARNING | root | Unauthorized seller tried for the login, but system rejected the token.
2026-08-11 19:01:06,677 | WARNING | root | Unauthorized seller tried to update the product, but system rejected the token. | seller_id: 3 | seller_email: hamdan@gmail.com.
2026-08-11 19:01:06,683 | WARNING | app.core.log_config | User login failed with wrong email | fatima@gmail.com
2026-08-11 19:01:06,833 | WARNING | app.core.log_config | User login failed with wrong password | Hekdahj212
2026-08-11 19:01:07,030 | INFO | app.core.log_config | User successfully login | user_id: 5.
2026-08-11 19:01:07,036 | WARNING | app.core.log_config | User account already exists at this email | ahmad123@gmail.com
2026-08-11 19:01:07,116 | INFO | app.core.log_config | new user account created with this email | ahmad12333@gmail.com
2026-08-11 19:01:07,211 | ERROR | app.core.log_config | Password not found!
2026-08-11 19:39:54,755 | INFO | httpx | HTTP Request: POST http://testserver/products "HTTP/1.1 201 Created"
2026-08-11 19:39:54,769 | INFO | httpx | HTTP Request: POST http://testserver/products "HTTP/1.1 401 Unauthorized"
2026-08-11 19:39:54,924 | INFO | app.core.log_config | new user account created with this email | hamdan87@gmail.com
2026-08-11 19:39:54,924 | INFO | httpx | HTTP Request: POST http://testserver/users "HTTP/1.1 201 Created"
2026-08-11 19:39:54,950 | WARNING | app.core.log_config | User account already exists at this email | hamdan87@gmail.com
2026-08-11 19:39:54,952 | INFO | httpx | HTTP Request: POST http://testserver/users "HTTP/1.1 409 Conflict"
2026-08-11 19:39:54,965 | INFO | httpx | HTTP Request: POST http://testserver/users "HTTP/1.1 422 Unprocessable Entity"
2026-08-11 19:39:54,975 | INFO | httpx | HTTP Request: POST http://testserver/users "HTTP/1.1 422 Unprocessable Entity"
2026-08-11 19:39:54,990 | INFO | httpx | HTTP Request: POST http://testserver/users "HTTP/1.1 422 Unprocessable Entity"
2026-08-11 19:39:55,002 | INFO | httpx | HTTP Request: POST http://testserver/users "HTTP/1.1 422 Unprocessable Entity"
2026-08-11 19:39:55,013 | INFO | httpx | HTTP Request: POST http://testserver/users "HTTP/1.1 422 Unprocessable Entity"
2026-08-11 19:39:55,022 | INFO | httpx | HTTP Request: POST http://testserver/users "HTTP/1.1 422 Unprocessable Entity"
2026-08-11 19:39:55,027 | WARNING | app.core.log_config | User login failed with wrong email | hamdagaf@gmail.com
2026-08-11 19:39:55,027 | INFO | httpx | HTTP Request: POST http://testserver/user-login "HTTP/1.1 404 Not Found"
2026-08-11 19:39:55,072 | WARNING | root | Unauthorized seller tried for the login, but system rejected the token.
2026-08-11 19:39:55,078 | WARNING | root | Unauthorized seller tried to update the product, but system rejected the token. | seller_id: 3 | seller_email: hamdan@gmail.com.
2026-08-11 19:39:55,080 | WARNING | app.core.log_config | User login failed with wrong email | fatima@gmail.com
2026-08-11 19:39:55,215 | WARNING | app.core.log_config | User login failed with wrong password | Hekdahj212
2026-08-11 19:39:55,435 | INFO | app.core.log_config | User successfully login | user_id: 5.
2026-08-11 19:39:55,439 | WARNING | app.core.log_config | User account already exists at this email | ahmad123@gmail.com
2026-08-11 19:39:55,501 | INFO | app.core.log_config | new user account created with this email | ahmad12333@gmail.com
2026-08-11 19:39:55,587 | ERROR | app.core.log_config | Password not found!
2026-08-12 17:24:24,443 | INFO | httpx | HTTP Request: POST http://testserver/products "HTTP/1.1 201 Created"
2026-08-12 17:24:24,456 | INFO | httpx | HTTP Request: POST http://testserver/products "HTTP/1.1 401 Unauthorized"
2026-08-12 17:24:24,597 | INFO | app.core.log_config | new user account created with this email | hamdan87@gmail.com
2026-08-12 17:24:24,597 | INFO | httpx | HTTP Request: POST http://testserver/users "HTTP/1.1 201 Created"
2026-08-12 17:24:24,614 | WARNING | app.core.log_config | User account already exists at this email | hamdan87@gmail.com
2026-08-12 17:24:24,616 | INFO | httpx | HTTP Request: POST http://testserver/users "HTTP/1.1 409 Conflict"
2026-08-12 17:24:24,627 | INFO | httpx | HTTP Request: POST http://testserver/users "HTTP/1.1 422 Unprocessable Entity"
2026-08-12 17:24:24,635 | INFO | httpx | HTTP Request: POST http://testserver/users "HTTP/1.1 422 Unprocessable Entity"
2026-08-12 17:24:24,650 | INFO | httpx | HTTP Request: POST http://testserver/users "HTTP/1.1 422 Unprocessable Entity"
2026-08-12 17:24:24,658 | INFO | httpx | HTTP Request: POST http://testserver/users "HTTP/1.1 422 Unprocessable Entity"
2026-08-12 17:24:24,671 | INFO | httpx | HTTP Request: POST http://testserver/users "HTTP/1.1 422 Unprocessable Entity"
2026-08-12 17:24:24,684 | INFO | httpx | HTTP Request: POST http://testserver/users "HTTP/1.1 422 Unprocessable Entity"
2026-08-12 17:24:24,687 | WARNING | app.core.log_config | User login failed with wrong email | hamdagaf@gmail.com
2026-08-12 17:24:24,695 | INFO | httpx | HTTP Request: POST http://testserver/user-login "HTTP/1.1 404 Not Found"
2026-08-12 17:24:25,007 | WARNING | root | Unauthorized seller tried for the login, but system rejected the token.
2026-08-12 17:24:25,013 | WARNING | root | Unauthorized seller tried to update the product, but system rejected the token. | seller_id: 3 | seller_email: hamdan@gmail.com.
2026-08-12 17:24:25,018 | WARNING | app.core.log_config | User login failed with wrong email | fatima@gmail.com
2026-08-12 17:24:25,165 | WARNING | app.core.log_config | User login failed with wrong password | Hekdahj212
2026-08-12 17:24:25,372 | INFO | app.core.log_config | User successfully login | user_id: 5.
2026-08-12 17:24:25,378 | WARNING | app.core.log_config | User account already exists at this email | ahmad123@gmail.com
2026-08-12 17:24:25,466 | INFO | app.core.log_config | new user account created with this email | ahmad12333@gmail.com
2026-08-12 17:24:25,548 | ERROR | app.core.log_config | Password not found!
2026-08-12 17:30:04,482 | INFO | httpx | HTTP Request: POST http://testserver/products "HTTP/1.1 201 Created"
2026-08-12 17:30:04,498 | INFO | httpx | HTTP Request: POST http://testserver/products "HTTP/1.1 401 Unauthorized"
2026-08-12 17:30:04,696 | INFO | app.core.log_config | new user account created with this email | hamdan87@gmail.com
2026-08-12 17:30:04,698 | INFO | httpx | HTTP Request: POST http://testserver/users "HTTP/1.1 201 Created"
2026-08-12 17:30:04,711 | WARNING | app.core.log_config | User account already exists at this email | hamdan87@gmail.com
2026-08-12 17:30:04,712 | INFO | httpx | HTTP Request: POST http://testserver/users "HTTP/1.1 409 Conflict"
2026-08-12 17:30:04,724 | INFO | httpx | HTTP Request: POST http://testserver/users "HTTP/1.1 422 Unprocessable Entity"
2026-08-12 17:30:04,737 | INFO | httpx | HTTP Request: POST http://testserver/users "HTTP/1.1 422 Unprocessable Entity"
2026-08-12 17:30:04,750 | INFO | httpx | HTTP Request: POST http://testserver/users "HTTP/1.1 422 Unprocessable Entity"
2026-08-12 17:30:04,766 | INFO | httpx | HTTP Request: POST http://testserver/users "HTTP/1.1 422 Unprocessable Entity"
2026-08-12 17:30:04,769 | INFO | httpx | HTTP Request: POST http://testserver/users "HTTP/1.1 422 Unprocessable Entity"
2026-08-12 17:30:04,787 | INFO | httpx | HTTP Request: POST http://testserver/users "HTTP/1.1 422 Unprocessable Entity"
2026-08-12 17:30:04,802 | WARNING | app.core.log_config | User login failed with wrong email | hamdagaf@gmail.com
2026-08-12 17:30:04,803 | INFO | httpx | HTTP Request: POST http://testserver/user-login "HTTP/1.1 404 Not Found"
2026-08-12 17:30:04,854 | WARNING | root | Unauthorized seller tried for the login, but system rejected the token.
2026-08-12 17:30:04,859 | WARNING | root | Unauthorized seller tried to update the product, but system rejected the token. | seller_id: 3 | seller_email: hamdan@gmail.com.
2026-08-12 17:30:04,865 | WARNING | app.core.log_config | User login failed with wrong email | fatima@gmail.com
2026-08-12 17:30:05,069 | WARNING | app.core.log_config | User login failed with wrong password | Hekdahj212
2026-08-12 17:30:05,371 | INFO | app.core.log_config | User successfully login | user_id: 5.
2026-08-12 17:30:05,379 | WARNING | app.core.log_config | User account already exists at this email | ahmad123@gmail.com
2026-08-12 17:30:05,480 | INFO | app.core.log_config | new user account created with this email | ahmad12333@gmail.com
2026-08-12 17:30:05,578 | ERROR | app.core.log_config | Password not found!
2026-08-12 17:33:03,193 | INFO | httpx | HTTP Request: POST http://testserver/products "HTTP/1.1 201 Created"
2026-08-12 17:33:03,204 | INFO | httpx | HTTP Request: POST http://testserver/products "HTTP/1.1 401 Unauthorized"
2026-08-12 17:33:03,329 | INFO | app.core.log_config | new user account created with this email | hamdan87@gmail.com
2026-08-12 17:33:03,332 | INFO | httpx | HTTP Request: POST http://testserver/users "HTTP/1.1 201 Created"
2026-08-12 17:33:03,332 | WARNING | app.core.log_config | User account already exists at this email | hamdan87@gmail.com
2026-08-12 17:33:03,332 | INFO | httpx | HTTP Request: POST http://testserver/users "HTTP/1.1 409 Conflict"
2026-08-12 17:33:03,353 | INFO | httpx | HTTP Request: POST http://testserver/users "HTTP/1.1 422 Unprocessable Entity"
2026-08-12 17:33:03,353 | INFO | httpx | HTTP Request: POST http://testserver/users "HTTP/1.1 422 Unprocessable Entity"
2026-08-12 17:33:03,373 | INFO | httpx | HTTP Request: POST http://testserver/users "HTTP/1.1 422 Unprocessable Entity"
2026-08-12 17:33:03,387 | INFO | httpx | HTTP Request: POST http://testserver/users "HTTP/1.1 422 Unprocessable Entity"
2026-08-12 17:33:03,389 | INFO | httpx | HTTP Request: POST http://testserver/users "HTTP/1.1 422 Unprocessable Entity"
2026-08-12 17:33:03,406 | INFO | httpx | HTTP Request: POST http://testserver/users "HTTP/1.1 422 Unprocessable Entity"
2026-08-12 17:33:03,417 | WARNING | app.core.log_config | User login failed with wrong email | hamdagaf@gmail.com
2026-08-12 17:33:03,419 | INFO | httpx | HTTP Request: POST http://testserver/user-login "HTTP/1.1 404 Not Found"
2026-08-12 17:33:03,744 | WARNING | root | Unauthorized seller tried for the login, but system rejected the token.
2026-08-12 17:33:03,752 | WARNING | root | Unauthorized seller tried to update the product, but system rejected the token. | seller_id: 3 | seller_email: hamdan@gmail.com.
2026-08-12 17:33:03,755 | WARNING | app.core.log_config | User login failed with wrong email | fatima@gmail.com
2026-08-12 17:33:03,896 | WARNING | app.core.log_config | User login failed with wrong password | Hekdahj212
2026-08-12 17:33:04,030 | INFO | app.core.log_config | User successfully login | user_id: 5.
2026-08-12 17:33:04,046 | WARNING | app.core.log_config | User account already exists at this email | ahmad123@gmail.com
2026-08-12 17:33:04,115 | INFO | app.core.log_config | new user account created with this email | ahmad12333@gmail.com
2026-08-12 17:33:04,200 | ERROR | app.core.log_config | Password not found!
2026-08-12 17:33:40,440 | INFO | httpx | HTTP Request: POST http://testserver/products "HTTP/1.1 201 Created"
2026-08-12 17:33:40,452 | INFO | httpx | HTTP Request: POST http://testserver/products "HTTP/1.1 401 Unauthorized"
2026-08-12 17:33:40,590 | INFO | app.core.log_config | new user account created with this email | hamdan87@gmail.com
2026-08-12 17:33:40,590 | INFO | httpx | HTTP Request: POST http://testserver/users "HTTP/1.1 201 Created"
2026-08-12 17:33:40,599 | WARNING | app.core.log_config | User account already exists at this email | hamdan87@gmail.com
2026-08-12 17:33:40,599 | INFO | httpx | HTTP Request: POST http://testserver/users "HTTP/1.1 409 Conflict"
2026-08-12 17:33:40,618 | INFO | httpx | HTTP Request: POST http://testserver/users "HTTP/1.1 422 Unprocessable Entity"
2026-08-12 17:33:40,631 | INFO | httpx | HTTP Request: POST http://testserver/users "HTTP/1.1 422 Unprocessable Entity"
2026-08-12 17:33:40,644 | INFO | httpx | HTTP Request: POST http://testserver/users "HTTP/1.1 422 Unprocessable Entity"
2026-08-12 17:33:40,654 | INFO | httpx | HTTP Request: POST http://testserver/users "HTTP/1.1 422 Unprocessable Entity"
2026-08-12 17:33:40,663 | INFO | httpx | HTTP Request: POST http://testserver/users "HTTP/1.1 422 Unprocessable Entity"
2026-08-12 17:33:40,679 | INFO | httpx | HTTP Request: POST http://testserver/users "HTTP/1.1 422 Unprocessable Entity"
2026-08-12 17:33:40,693 | WARNING | app.core.log_config | User login failed with wrong email | hamdagaf@gmail.com
2026-08-12 17:33:40,695 | INFO | httpx | HTTP Request: POST http://testserver/user-login "HTTP/1.1 404 Not Found"
2026-08-12 17:33:40,982 | WARNING | root | Unauthorized seller tried for the login, but system rejected the token.
2026-08-12 17:33:40,985 | WARNING | root | Unauthorized seller tried to update the product, but system rejected the token. | seller_id: 3 | seller_email: hamdan@gmail.com.
2026-08-12 17:33:40,995 | WARNING | app.core.log_config | User login failed with wrong email | fatima@gmail.com
2026-08-12 17:33:41,133 | WARNING | app.core.log_config | User login failed with wrong password | Hekdahj212
2026-08-12 17:33:41,282 | INFO | app.core.log_config | User successfully login | user_id: 5.
2026-08-12 17:33:41,302 | WARNING | app.core.log_config | User account already exists at this email | ahmad123@gmail.com
2026-08-12 17:33:41,378 | INFO | app.core.log_config | new user account created with this email | ahmad12333@gmail.com
2026-08-12 17:33:41,451 | ERROR | app.core.log_config | Password not found!
2026-08-12 19:53:11,622 | WARNING | app.core.jwt_token | Invalid token!
2026-08-12 19:53:24,809 | WARNING | root | Seller gave the invalid email for login. | Invalid_email: user@example.com
2026-08-12 20:38:11,820 | WARNING | app.core.jwt_token | Token has expired!
2026-08-12 21:08:46,341 | WARNING | app.core.jwt_token | Token has expired!
